// Jest Snapshot v1, https://goo.gl/fbAQLP

exports[`Button.vue Matchs Snapshot 1`] = `<button>mock label</button>`;
